make: Entering directory '/home/igorcintra13/culsans_questa/tests/unit'
for d in ./testlist/amo_alu/ ./testlist/amo_cacheline_collision/ ./testlist/amo_lr_sc/ ./testlist/amo_lr_sc_adjacent/ ./testlist/amo_lr_sc_delay/ ./testlist/amo_lr_sc_single/ ./testlist/amo_lr_sc_upper/ ./testlist/amo_read_cached/ ./testlist/amo_read_write/ ./testlist/amo_read_write_collision/ ./testlist/amo_snoop_collision/ ./testlist/amo_snoop_single_collision/ ./testlist/amo_upper_cache_line/ ./testlist/cacheline_rw_collision/ ./testlist/evict_collision/ ./testlist/flush_collision/ ./testlist/random_all/ ./testlist/random_cached/ ./testlist/random_cached_amo/ ./testlist/random_cached_flush/ ./testlist/random_cached_non-shared/ ./testlist/random_cached_shared/ ./testlist/random_non-shared/ ./testlist/random_non-shared_amo/ ./testlist/random_shared/ ./testlist/random_shared_amo/ ./testlist/random_shared_non-shared/ ./testlist/raw_spin_lock/ ./testlist/raw_spin_lock_wait/ ./testlist/read_collision/ ./testlist/read_miss/ ./testlist/read_two_writes_back_to_back/ ./testlist/read_write_collision/ ./testlist/snoop_non-cached_collision/ ./testlist/write_collision/; do make --no-print-directory -C $d clean_test; done
rm -rf objs
rm -rf main.riscv
rm -rf main.dis
rm -rf main.hex
rm -rf *.log
rm -rf *.vcd
rm -rf *.dasm
rm -rf result.rpt
rm -rf transcript
rm -rf main.map
rm -rf ace_log/
rm -rf axi_log/
rm -rf vsim.wlf
rm -rf ../../coverage/amo_alu*
rm -rf .visualizer
rm -rf qwave.db
rm -rf objs
rm -rf main.riscv
rm -rf main.dis
rm -rf main.hex
rm -rf *.log
rm -rf *.vcd
rm -rf *.dasm
rm -rf result.rpt
rm -rf transcript
rm -rf main.map
rm -rf ace_log/
rm -rf axi_log/
rm -rf vsim.wlf
rm -rf ../../coverage/amo_cacheline_collision*
rm -rf .visualizer
rm -rf qwave.db
rm -rf objs
rm -rf main.riscv
rm -rf main.dis
rm -rf main.hex
rm -rf *.log
rm -rf *.vcd
rm -rf *.dasm
rm -rf result.rpt
rm -rf transcript
rm -rf main.map
rm -rf ace_log/
rm -rf axi_log/
rm -rf vsim.wlf
rm -rf ../../coverage/amo_lr_sc*
rm -rf .visualizer
rm -rf qwave.db
rm -rf objs
rm -rf main.riscv
rm -rf main.dis
rm -rf main.hex
rm -rf *.log
rm -rf *.vcd
rm -rf *.dasm
rm -rf result.rpt
rm -rf transcript
rm -rf main.map
rm -rf ace_log/
rm -rf axi_log/
rm -rf vsim.wlf
rm -rf ../../coverage/amo_lr_sc_adjacent*
rm -rf .visualizer
rm -rf qwave.db
rm -rf objs
rm -rf main.riscv
rm -rf main.dis
rm -rf main.hex
rm -rf *.log
rm -rf *.vcd
rm -rf *.dasm
rm -rf result.rpt
rm -rf transcript
rm -rf main.map
rm -rf ace_log/
rm -rf axi_log/
rm -rf vsim.wlf
rm -rf ../../coverage/amo_lr_sc_delay*
rm -rf .visualizer
rm -rf qwave.db
rm -rf objs
rm -rf main.riscv
rm -rf main.dis
rm -rf main.hex
rm -rf *.log
rm -rf *.vcd
rm -rf *.dasm
rm -rf result.rpt
rm -rf transcript
rm -rf main.map
rm -rf ace_log/
rm -rf axi_log/
rm -rf vsim.wlf
rm -rf ../../coverage/amo_lr_sc_single*
rm -rf .visualizer
rm -rf qwave.db
rm -rf objs
rm -rf main.riscv
rm -rf main.dis
rm -rf main.hex
rm -rf *.log
rm -rf *.vcd
rm -rf *.dasm
rm -rf result.rpt
rm -rf transcript
rm -rf main.map
rm -rf ace_log/
rm -rf axi_log/
rm -rf vsim.wlf
rm -rf ../../coverage/amo_lr_sc_upper*
rm -rf .visualizer
rm -rf qwave.db
rm -rf objs
rm -rf main.riscv
rm -rf main.dis
rm -rf main.hex
rm -rf *.log
rm -rf *.vcd
rm -rf *.dasm
rm -rf result.rpt
rm -rf transcript
rm -rf main.map
rm -rf ace_log/
rm -rf axi_log/
rm -rf vsim.wlf
rm -rf ../../coverage/amo_read_cached*
rm -rf .visualizer
rm -rf qwave.db
rm -rf objs
rm -rf main.riscv
rm -rf main.dis
rm -rf main.hex
rm -rf *.log
rm -rf *.vcd
rm -rf *.dasm
rm -rf result.rpt
rm -rf transcript
rm -rf main.map
rm -rf ace_log/
rm -rf axi_log/
rm -rf vsim.wlf
rm -rf ../../coverage/amo_read_write*
rm -rf .visualizer
rm -rf qwave.db
rm -rf objs
rm -rf main.riscv
rm -rf main.dis
rm -rf main.hex
rm -rf *.log
rm -rf *.vcd
rm -rf *.dasm
rm -rf result.rpt
rm -rf transcript
rm -rf main.map
rm -rf ace_log/
rm -rf axi_log/
rm -rf vsim.wlf
rm -rf ../../coverage/amo_read_write_collision*
rm -rf .visualizer
rm -rf qwave.db
rm -rf objs
rm -rf main.riscv
rm -rf main.dis
rm -rf main.hex
rm -rf *.log
rm -rf *.vcd
rm -rf *.dasm
rm -rf result.rpt
rm -rf transcript
rm -rf main.map
rm -rf ace_log/
rm -rf axi_log/
rm -rf vsim.wlf
rm -rf ../../coverage/amo_snoop_collision*
rm -rf .visualizer
rm -rf qwave.db
rm -rf objs
rm -rf main.riscv
rm -rf main.dis
rm -rf main.hex
rm -rf *.log
rm -rf *.vcd
rm -rf *.dasm
rm -rf result.rpt
rm -rf transcript
rm -rf main.map
rm -rf ace_log/
rm -rf axi_log/
rm -rf vsim.wlf
rm -rf ../../coverage/amo_snoop_single_collision*
rm -rf .visualizer
rm -rf qwave.db
rm -rf objs
rm -rf main.riscv
rm -rf main.dis
rm -rf main.hex
rm -rf *.log
rm -rf *.vcd
rm -rf *.dasm
rm -rf result.rpt
rm -rf transcript
rm -rf main.map
rm -rf ace_log/
rm -rf axi_log/
rm -rf vsim.wlf
rm -rf ../../coverage/amo_upper_cache_line*
rm -rf .visualizer
rm -rf qwave.db
rm -rf objs
rm -rf main.riscv
rm -rf main.dis
rm -rf main.hex
rm -rf *.log
rm -rf *.vcd
rm -rf *.dasm
rm -rf result.rpt
rm -rf transcript
rm -rf main.map
rm -rf ace_log/
rm -rf axi_log/
rm -rf vsim.wlf
rm -rf ../../coverage/cacheline_rw_collision*
rm -rf .visualizer
rm -rf qwave.db
rm -rf objs
rm -rf main.riscv
rm -rf main.dis
rm -rf main.hex
rm -rf *.log
rm -rf *.vcd
rm -rf *.dasm
rm -rf result.rpt
rm -rf transcript
rm -rf main.map
rm -rf ace_log/
rm -rf axi_log/
rm -rf vsim.wlf
rm -rf ../../coverage/evict_collision*
rm -rf .visualizer
rm -rf qwave.db
rm -rf objs
rm -rf main.riscv
rm -rf main.dis
rm -rf main.hex
rm -rf *.log
rm -rf *.vcd
rm -rf *.dasm
rm -rf result.rpt
rm -rf transcript
rm -rf main.map
rm -rf ace_log/
rm -rf axi_log/
rm -rf vsim.wlf
rm -rf ../../coverage/flush_collision*
rm -rf .visualizer
rm -rf qwave.db
rm -rf objs
rm -rf main.riscv
rm -rf main.dis
rm -rf main.hex
rm -rf *.log
rm -rf *.vcd
rm -rf *.dasm
rm -rf result.rpt
rm -rf transcript
rm -rf main.map
rm -rf ace_log/
rm -rf axi_log/
rm -rf vsim.wlf
rm -rf ../../coverage/random_all*
rm -rf .visualizer
rm -rf qwave.db
rm -rf objs
rm -rf main.riscv
rm -rf main.dis
rm -rf main.hex
rm -rf *.log
rm -rf *.vcd
rm -rf *.dasm
rm -rf result.rpt
rm -rf transcript
rm -rf main.map
rm -rf ace_log/
rm -rf axi_log/
rm -rf vsim.wlf
rm -rf ../../coverage/random_cached*
rm -rf .visualizer
rm -rf qwave.db
rm -rf objs
rm -rf main.riscv
rm -rf main.dis
rm -rf main.hex
rm -rf *.log
rm -rf *.vcd
rm -rf *.dasm
rm -rf result.rpt
rm -rf transcript
rm -rf main.map
rm -rf ace_log/
rm -rf axi_log/
rm -rf vsim.wlf
rm -rf ../../coverage/random_cached_amo*
rm -rf .visualizer
rm -rf qwave.db
rm -rf objs
rm -rf main.riscv
rm -rf main.dis
rm -rf main.hex
rm -rf *.log
rm -rf *.vcd
rm -rf *.dasm
rm -rf result.rpt
rm -rf transcript
rm -rf main.map
rm -rf ace_log/
rm -rf axi_log/
rm -rf vsim.wlf
rm -rf ../../coverage/random_cached_flush*
rm -rf .visualizer
rm -rf qwave.db
rm -rf objs
rm -rf main.riscv
rm -rf main.dis
rm -rf main.hex
rm -rf *.log
rm -rf *.vcd
rm -rf *.dasm
rm -rf result.rpt
rm -rf transcript
rm -rf main.map
rm -rf ace_log/
rm -rf axi_log/
rm -rf vsim.wlf
rm -rf ../../coverage/random_cached_non-shared*
rm -rf .visualizer
rm -rf qwave.db
rm -rf objs
rm -rf main.riscv
rm -rf main.dis
rm -rf main.hex
rm -rf *.log
rm -rf *.vcd
rm -rf *.dasm
rm -rf result.rpt
rm -rf transcript
rm -rf main.map
rm -rf ace_log/
rm -rf axi_log/
rm -rf vsim.wlf
rm -rf ../../coverage/random_cached_shared*
rm -rf .visualizer
rm -rf qwave.db
rm -rf objs
rm -rf main.riscv
rm -rf main.dis
rm -rf main.hex
rm -rf *.log
rm -rf *.vcd
rm -rf *.dasm
rm -rf result.rpt
rm -rf transcript
rm -rf main.map
rm -rf ace_log/
rm -rf axi_log/
rm -rf vsim.wlf
rm -rf ../../coverage/random_non-shared*
rm -rf .visualizer
rm -rf qwave.db
rm -rf objs
rm -rf main.riscv
rm -rf main.dis
rm -rf main.hex
rm -rf *.log
rm -rf *.vcd
rm -rf *.dasm
rm -rf result.rpt
rm -rf transcript
rm -rf main.map
rm -rf ace_log/
rm -rf axi_log/
rm -rf vsim.wlf
rm -rf ../../coverage/random_non-shared_amo*
rm -rf .visualizer
rm -rf qwave.db
rm -rf objs
rm -rf main.riscv
rm -rf main.dis
rm -rf main.hex
rm -rf *.log
rm -rf *.vcd
rm -rf *.dasm
rm -rf result.rpt
rm -rf transcript
rm -rf main.map
rm -rf ace_log/
rm -rf axi_log/
rm -rf vsim.wlf
rm -rf ../../coverage/random_shared*
rm -rf .visualizer
rm -rf qwave.db
rm -rf objs
rm -rf main.riscv
rm -rf main.dis
rm -rf main.hex
rm -rf *.log
rm -rf *.vcd
rm -rf *.dasm
rm -rf result.rpt
rm -rf transcript
rm -rf main.map
rm -rf ace_log/
rm -rf axi_log/
rm -rf vsim.wlf
rm -rf ../../coverage/random_shared_amo*
rm -rf .visualizer
rm -rf qwave.db
rm -rf objs
rm -rf main.riscv
rm -rf main.dis
rm -rf main.hex
rm -rf *.log
rm -rf *.vcd
rm -rf *.dasm
rm -rf result.rpt
rm -rf transcript
rm -rf main.map
rm -rf ace_log/
rm -rf axi_log/
rm -rf vsim.wlf
rm -rf ../../coverage/random_shared_non-shared*
rm -rf .visualizer
rm -rf qwave.db
rm -rf objs
rm -rf main.riscv
rm -rf main.dis
rm -rf main.hex
rm -rf *.log
rm -rf *.vcd
rm -rf *.dasm
rm -rf result.rpt
rm -rf transcript
rm -rf main.map
rm -rf ace_log/
rm -rf axi_log/
rm -rf vsim.wlf
rm -rf ../../coverage/raw_spin_lock*
rm -rf .visualizer
rm -rf qwave.db
rm -rf objs
rm -rf main.riscv
rm -rf main.dis
rm -rf main.hex
rm -rf *.log
rm -rf *.vcd
rm -rf *.dasm
rm -rf result.rpt
rm -rf transcript
rm -rf main.map
rm -rf ace_log/
rm -rf axi_log/
rm -rf vsim.wlf
rm -rf ../../coverage/raw_spin_lock_wait*
rm -rf .visualizer
rm -rf qwave.db
rm -rf objs
rm -rf main.riscv
rm -rf main.dis
rm -rf main.hex
rm -rf *.log
rm -rf *.vcd
rm -rf *.dasm
rm -rf result.rpt
rm -rf transcript
rm -rf main.map
rm -rf ace_log/
rm -rf axi_log/
rm -rf vsim.wlf
rm -rf ../../coverage/read_collision*
rm -rf .visualizer
rm -rf qwave.db
rm -rf objs
rm -rf main.riscv
rm -rf main.dis
rm -rf main.hex
rm -rf *.log
rm -rf *.vcd
rm -rf *.dasm
rm -rf result.rpt
rm -rf transcript
rm -rf main.map
rm -rf ace_log/
rm -rf axi_log/
rm -rf vsim.wlf
rm -rf ../../coverage/read_miss*
rm -rf .visualizer
rm -rf qwave.db
rm -rf objs
rm -rf main.riscv
rm -rf main.dis
rm -rf main.hex
rm -rf *.log
rm -rf *.vcd
rm -rf *.dasm
rm -rf result.rpt
rm -rf transcript
rm -rf main.map
rm -rf ace_log/
rm -rf axi_log/
rm -rf vsim.wlf
rm -rf ../../coverage/read_two_writes_back_to_back*
rm -rf .visualizer
rm -rf qwave.db
rm -rf objs
rm -rf main.riscv
rm -rf main.dis
rm -rf main.hex
rm -rf *.log
rm -rf *.vcd
rm -rf *.dasm
rm -rf result.rpt
rm -rf transcript
rm -rf main.map
rm -rf ace_log/
rm -rf axi_log/
rm -rf vsim.wlf
rm -rf ../../coverage/read_write_collision*
rm -rf .visualizer
rm -rf qwave.db
rm -rf objs
rm -rf main.riscv
rm -rf main.dis
rm -rf main.hex
rm -rf *.log
rm -rf *.vcd
rm -rf *.dasm
rm -rf result.rpt
rm -rf transcript
rm -rf main.map
rm -rf ace_log/
rm -rf axi_log/
rm -rf vsim.wlf
rm -rf ../../coverage/snoop_non-cached_collision*
rm -rf .visualizer
rm -rf qwave.db
rm -rf objs
rm -rf main.riscv
rm -rf main.dis
rm -rf main.hex
rm -rf *.log
rm -rf *.vcd
rm -rf *.dasm
rm -rf result.rpt
rm -rf transcript
rm -rf main.map
rm -rf ace_log/
rm -rf axi_log/
rm -rf vsim.wlf
rm -rf ../../coverage/write_collision*
rm -rf .visualizer
rm -rf qwave.db
if ! grep -q "localparam NB_CORES = 2;" ../../rtl/include/culsans_pkg.sv; then \
	sed -i 's/localparam NB_CORES = [0-9]\+;/localparam NB_CORES = 2;/' ../../rtl/include/culsans_pkg.sv; \
fi
cd /home/igorcintra13/culsans_questa/modules/cva6//corev_apu/rv_plic/rtl; \
python3 gen_plic_addrmap.py -t $((2*2)) > plic_regmap.sv
rm -rf work
rm -rf work_verilate
rm -rf coverage
rm -rf log/*
rm -rf tmp/riscv-torture/output/test*
rm -rf work/ work-dpi/ work-ver/ work-vcs/
rm -f tmp/*.ucdb tmp/*.log *.wlf *vstf wlft* *.ucdb
cd /home/igorcintra13/culsans_questa/modules/cva6/corev_apu/fpga && make clean && cd ../..
vlib work
vlog +cover=bcfst+/dut -incr -64 -nologo -quiet -suppress 13262 -permissive -svinputport=compat +define+ -timescale "1ns / 1ns" -work work -pedanticerrors -f /home/igorcintra13/culsans_questa/modules/cva6/core/Flist.cva6 -f /home/igorcintra13/culsans_questa/modules/cva6/core/Flist.mmu-sv39  +incdir+/home/igorcintra13/culsans_questa/modules/cva6/vendor/pulp-platform/common_cells/include/  +incdir+/home/igorcintra13/culsans_questa/modules/cva6/vendor/pulp-platform/axi/include/  +incdir+/home/igorcintra13/culsans_questa/modules/cva6/corev_apu/register_interface/include/  +incdir+/home/igorcintra13/culsans_questa/modules/cva6/vendor/planv/ace/include/  +incdir+../../modules/axi_llc/include  +incdir+../../rtl/include -suppress 2583
vlog +cover=bcfst+/dut -incr -64 -nologo -quiet -suppress 13262 -permissive -svinputport=compat +define+ -work work /home/igorcintra13/culsans_questa/modules/cva6/corev_apu/register_interface/src/reg_intf.sv /home/igorcintra13/culsans_questa/modules/cva6/corev_apu/tb/ariane_soc_pkg.sv /home/igorcintra13/culsans_questa/modules/cva6/corev_apu/riscv-dbg/src/dm_pkg.sv /home/igorcintra13/culsans_questa/modules/cva6/corev_apu/tb/ariane_axi_soc_pkg.sv  +incdir+/home/igorcintra13/culsans_questa/modules/cva6/vendor/pulp-platform/common_cells/include/  +incdir+/home/igorcintra13/culsans_questa/modules/cva6/vendor/pulp-platform/axi/include/  +incdir+/home/igorcintra13/culsans_questa/modules/cva6/corev_apu/register_interface/include/  +incdir+/home/igorcintra13/culsans_questa/modules/cva6/vendor/planv/ace/include/  +incdir+../../modules/axi_llc/include  +incdir+../../rtl/include -suppress 2583
# Suppress message that always_latch may not be checked thoroughly by QuestaSim.
vcom -64 -nologo -quiet -2008 -work work -pedanticerrors /home/igorcintra13/culsans_questa/modules/cva6/corev_apu/fpga/src/apb_uart/src/apb_uart.vhd /home/igorcintra13/culsans_questa/modules/cva6/corev_apu/fpga/src/apb_uart/src/slib_clock_div.vhd /home/igorcintra13/culsans_questa/modules/cva6/corev_apu/fpga/src/apb_uart/src/slib_counter.vhd /home/igorcintra13/culsans_questa/modules/cva6/corev_apu/fpga/src/apb_uart/src/slib_edge_detect.vhd /home/igorcintra13/culsans_questa/modules/cva6/corev_apu/fpga/src/apb_uart/src/slib_fifo.vhd /home/igorcintra13/culsans_questa/modules/cva6/corev_apu/fpga/src/apb_uart/src/slib_input_filter.vhd /home/igorcintra13/culsans_questa/modules/cva6/corev_apu/fpga/src/apb_uart/src/slib_input_sync.vhd /home/igorcintra13/culsans_questa/modules/cva6/corev_apu/fpga/src/apb_uart/src/slib_mv_filter.vhd /home/igorcintra13/culsans_questa/modules/cva6/corev_apu/fpga/src/apb_uart/src/uart_baudgen.vhd /home/igorcintra13/culsans_questa/modules/cva6/corev_apu/fpga/src/apb_uart/src/uart_interrupt.vhd /home/igorcintra13/culsans_questa/modules/cva6/corev_apu/fpga/src/apb_uart/src/uart_receiver.vhd /home/igorcintra13/culsans_questa/modules/cva6/corev_apu/fpga/src/apb_uart/src/uart_transmitter.vhd -suppress 1653
# Suppress message 1653 that -pedanticerrors may not be used with -2008 switch
vlog +cover=bcfst+/dut -incr -64 -nologo -quiet -suppress 13262 -permissive -svinputport=compat +define+ -timescale "1ns / 1ns" -work work -pedanticerrors /home/igorcintra13/culsans_questa/modules/cva6/core/include/cv64a6_imafdc_sv39_wb_config_pkg.sv /home/igorcintra13/culsans_questa/modules/cva6/corev_apu/tb/ariane.sv /home/igorcintra13/culsans_questa/modules/cva6/corev_apu/bootrom/bootrom.sv /home/igorcintra13/culsans_questa/modules/cva6/corev_apu/clint/axi_lite_interface.sv /home/igorcintra13/culsans_questa/modules/cva6/corev_apu/clint/clint.sv /home/igorcintra13/culsans_questa/modules/cva6/corev_apu/fpga/src/axi2apb/src/axi2apb_64_32.sv /home/igorcintra13/culsans_questa/modules/cva6/corev_apu/fpga/src/axi2apb/src/axi2apb.sv /home/igorcintra13/culsans_questa/modules/cva6/corev_apu/fpga/src/axi2apb/src/axi2apb_wrap.sv /home/igorcintra13/culsans_questa/modules/cva6/corev_apu/fpga/src/apb_timer/apb_timer.sv /home/igorcintra13/culsans_questa/modules/cva6/corev_apu/fpga/src/apb_timer/timer.sv /home/igorcintra13/culsans_questa/modules/cva6/corev_apu/fpga/src/axi_slice/src/axi_ar_buffer.sv /home/igorcintra13/culsans_questa/modules/cva6/corev_apu/fpga/src/axi_slice/src/axi_aw_buffer.sv /home/igorcintra13/culsans_questa/modules/cva6/corev_apu/fpga/src/axi_slice/src/axi_b_buffer.sv /home/igorcintra13/culsans_questa/modules/cva6/corev_apu/fpga/src/axi_slice/src/axi_r_buffer.sv /home/igorcintra13/culsans_questa/modules/cva6/corev_apu/fpga/src/axi_slice/src/axi_single_slice.sv /home/igorcintra13/culsans_questa/modules/cva6/corev_apu/fpga/src/axi_slice/src/axi_slice.sv /home/igorcintra13/culsans_questa/modules/cva6/corev_apu/fpga/src/axi_slice/src/axi_slice_wrap.sv /home/igorcintra13/culsans_questa/modules/cva6/corev_apu/fpga/src/axi_slice/src/axi_w_buffer.sv /home/igorcintra13/culsans_questa/modules/cva6/corev_apu/src/axi_riscv_atomics/src/axi_res_tbl.sv /home/igorcintra13/culsans_questa/modules/cva6/corev_apu/src/axi_riscv_atomics/src/axi_riscv_amos_alu.sv /home/igorcintra13/culsans_questa/modules/cva6/corev_apu/src/axi_riscv_atomics/src/axi_riscv_amos.sv /home/igorcintra13/culsans_questa/modules/cva6/corev_apu/src/axi_riscv_atomics/src/axi_riscv_amos_wrap.sv /home/igorcintra13/culsans_questa/modules/cva6/corev_apu/src/axi_riscv_atomics/src/axi_riscv_atomics_structs.sv /home/igorcintra13/culsans_questa/modules/cva6/corev_apu/src/axi_riscv_atomics/src/axi_riscv_atomics.sv /home/igorcintra13/culsans_questa/modules/cva6/corev_apu/src/axi_riscv_atomics/src/axi_riscv_atomics_wrap.sv /home/igorcintra13/culsans_questa/modules/cva6/corev_apu/src/axi_riscv_atomics/src/axi_riscv_lrsc.sv /home/igorcintra13/culsans_questa/modules/cva6/corev_apu/src/axi_riscv_atomics/src/axi_riscv_lrsc_wrap.sv /home/igorcintra13/culsans_questa/modules/cva6/corev_apu/axi_mem_if/src/axi2mem.sv /home/igorcintra13/culsans_questa/modules/cva6/corev_apu/rv_plic/rtl/rv_plic_target.sv /home/igorcintra13/culsans_questa/modules/cva6/corev_apu/rv_plic/rtl/rv_plic_gateway.sv /home/igorcintra13/culsans_questa/modules/cva6/corev_apu/rv_plic/rtl/prim_subreg.sv /home/igorcintra13/culsans_questa/modules/cva6/corev_apu/rv_plic/rtl/plic_regmap.sv /home/igorcintra13/culsans_questa/modules/cva6/corev_apu/rv_plic/rtl/plic_top.sv /home/igorcintra13/culsans_questa/modules/cva6/corev_apu/clic/src/mclic_reg_pkg.sv /home/igorcintra13/culsans_questa/modules/cva6/corev_apu/clic/src/mclic_reg_top.sv /home/igorcintra13/culsans_questa/modules/cva6/corev_apu/clic/src/clicint_reg_pkg.sv /home/igorcintra13/culsans_questa/modules/cva6/corev_apu/clic/src/clicint_reg_top.sv /home/igorcintra13/culsans_questa/modules/cva6/corev_apu/clic/src/clic_reg_adapter.sv /home/igorcintra13/culsans_questa/modules/cva6/corev_apu/clic/src/clic_gateway.sv /home/igorcintra13/culsans_questa/modules/cva6/corev_apu/clic/src/clic_target.sv /home/igorcintra13/culsans_questa/modules/cva6/corev_apu/clic/src/clic.sv /home/igorcintra13/culsans_questa/modules/cva6/corev_apu/riscv-dbg/src/dmi_cdc.sv /home/igorcintra13/culsans_questa/modules/cva6/corev_apu/riscv-dbg/src/dmi_jtag.sv /home/igorcintra13/culsans_questa/modules/cva6/corev_apu/riscv-dbg/src/dmi_jtag_tap.sv /home/igorcintra13/culsans_questa/modules/cva6/corev_apu/riscv-dbg/src/dm_csrs.sv /home/igorcintra13/culsans_questa/modules/cva6/corev_apu/riscv-dbg/src/dm_mem.sv /home/igorcintra13/culsans_questa/modules/cva6/corev_apu/riscv-dbg/src/dm_sba.sv /home/igorcintra13/culsans_questa/modules/cva6/corev_apu/riscv-dbg/src/dm_top.sv /home/igorcintra13/culsans_questa/modules/cva6/corev_apu/riscv-dbg/debug_rom/debug_rom.sv /home/igorcintra13/culsans_questa/modules/cva6/corev_apu/register_interface/src/apb_to_reg.sv /home/igorcintra13/culsans_questa/modules/cva6/corev_apu/register_interface/src/axi_to_reg.sv /home/igorcintra13/culsans_questa/modules/cva6/corev_apu/register_interface/src/reg_demux.sv /home/igorcintra13/culsans_questa/modules/cva6/corev_apu/register_interface/src/reg_err_slv.sv /home/igorcintra13/culsans_questa/modules/cva6/corev_apu/register_interface/src/axi_lite_to_reg.sv /home/igorcintra13/culsans_questa/modules/cva6/vendor/pulp-platform/axi/src/axi_multicut.sv /home/igorcintra13/culsans_questa/modules/cva6/vendor/pulp-platform/common_cells/src/cb_filter_pkg.sv /home/igorcintra13/culsans_questa/modules/cva6/vendor/pulp-platform/common_cells/src/cb_filter.sv /home/igorcintra13/culsans_questa/modules/cva6/vendor/pulp-platform/common_cells/src/rstgen_bypass.sv /home/igorcintra13/culsans_questa/modules/cva6/vendor/pulp-platform/common_cells/src/rstgen.sv /home/igorcintra13/culsans_questa/modules/cva6/vendor/pulp-platform/common_cells/src/addr_decode.sv /home/igorcintra13/culsans_questa/modules/cva6/vendor/pulp-platform/common_cells/src/stream_register.sv /home/igorcintra13/culsans_questa/modules/cva6/vendor/pulp-platform/common_cells/src/stream_fifo.sv /home/igorcintra13/culsans_questa/modules/cva6/vendor/pulp-platform/common_cells/src/stream_xbar.sv /home/igorcintra13/culsans_questa/modules/cva6/vendor/pulp-platform/common_cells/src/onehot_to_bin.sv /home/igorcintra13/culsans_questa/modules/cva6/vendor/pulp-platform/common_cells/src/sub_per_hash.sv /home/igorcintra13/culsans_questa/modules/cva6/vendor/pulp-platform/axi/src/axi_intf.sv /home/igorcintra13/culsans_questa/modules/cva6/vendor/pulp-platform/axi/src/axi_cut.sv /home/igorcintra13/culsans_questa/modules/cva6/vendor/pulp-platform/axi/src/axi_join.sv /home/igorcintra13/culsans_questa/modules/cva6/vendor/pulp-platform/axi/src/axi_delayer.sv /home/igorcintra13/culsans_questa/modules/cva6/vendor/pulp-platform/axi/src/axi_to_axi_lite.sv /home/igorcintra13/culsans_questa/modules/cva6/vendor/pulp-platform/axi/src/axi_id_prepend.sv /home/igorcintra13/culsans_questa/modules/cva6/vendor/pulp-platform/axi/src/axi_atop_filter.sv /home/igorcintra13/culsans_questa/modules/cva6/vendor/pulp-platform/axi/src/axi_err_slv.sv /home/igorcintra13/culsans_questa/modules/cva6/vendor/pulp-platform/axi/src/axi_mux.sv /home/igorcintra13/culsans_questa/modules/cva6/vendor/pulp-platform/axi/src/axi_demux.sv /home/igorcintra13/culsans_questa/modules/cva6/vendor/pulp-platform/axi/src/axi_xbar.sv /home/igorcintra13/culsans_questa/modules/cva6/vendor/pulp-platform/axi/src/axi_isolate.sv /home/igorcintra13/culsans_questa/modules/cva6/vendor/pulp-platform/axi/src/axi_burst_splitter.sv /home/igorcintra13/culsans_questa/modules/cva6/vendor/pulp-platform/axi/src/axi_dw_upsizer.sv /home/igorcintra13/culsans_questa/modules/cva6/vendor/pulp-platform/axi/src/axi_dw_downsizer.sv /home/igorcintra13/culsans_questa/modules/cva6/vendor/pulp-platform/axi/src/axi_dw_converter.sv /home/igorcintra13/culsans_questa/modules/cva6/vendor/pulp-platform/common_cells/src/cdc_2phase.sv /home/igorcintra13/culsans_questa/modules/cva6/vendor/pulp-platform/common_cells/src/spill_register_flushable.sv /home/igorcintra13/culsans_questa/modules/cva6/vendor/pulp-platform/common_cells/src/spill_register.sv /home/igorcintra13/culsans_questa/modules/cva6/vendor/pulp-platform/common_cells/src/deprecated/fifo_v1.sv /home/igorcintra13/culsans_questa/modules/cva6/vendor/pulp-platform/common_cells/src/deprecated/fifo_v2.sv /home/igorcintra13/culsans_questa/modules/cva6/vendor/pulp-platform/common_cells/src/stream_delay.sv /home/igorcintra13/culsans_questa/modules/cva6/vendor/pulp-platform/common_cells/src/lfsr_16bit.sv /home/igorcintra13/culsans_questa/modules/cva6/vendor/pulp-platform/common_cells/src/onehot_to_bin.sv /home/igorcintra13/culsans_questa/modules/cva6/vendor/pulp-platform/common_cells/src/id_queue.sv /home/igorcintra13/culsans_questa/modules/cva6/vendor/pulp-platform/common_cells/src/stream_fork.sv /home/igorcintra13/culsans_questa/modules/cva6/vendor/pulp-platform/common_cells/src/stream_filter.sv /home/igorcintra13/culsans_questa/modules/cva6/vendor/pulp-platform/common_cells/src/fall_through_register.sv /home/igorcintra13/culsans_questa/modules/cva6/vendor/pulp-platform/tech_cells_generic/src/deprecated/cluster_clk_cells.sv /home/igorcintra13/culsans_questa/modules/cva6/vendor/pulp-platform/tech_cells_generic/src/deprecated/pulp_clk_cells.sv /home/igorcintra13/culsans_questa/modules/cva6/vendor/pulp-platform/tech_cells_generic/src/rtl/tc_clk.sv /home/igorcintra13/culsans_questa/modules/cva6/corev_apu/tb/ariane_testharness.sv /home/igorcintra13/culsans_questa/modules/cva6/corev_apu/tb/ariane_peripherals.sv /home/igorcintra13/culsans_questa/modules/cva6/corev_apu/tb/rvfi_tracer.sv /home/igorcintra13/culsans_questa/modules/cva6/corev_apu/tb/common/uart.sv /home/igorcintra13/culsans_questa/modules/cva6/corev_apu/tb/common/SimDTM.sv /home/igorcintra13/culsans_questa/modules/cva6/corev_apu/tb/common/SimJTAG.sv  +incdir+/home/igorcintra13/culsans_questa/modules/cva6/vendor/pulp-platform/common_cells/include/  +incdir+/home/igorcintra13/culsans_questa/modules/cva6/vendor/pulp-platform/axi/include/  +incdir+/home/igorcintra13/culsans_questa/modules/cva6/corev_apu/register_interface/include/  +incdir+/home/igorcintra13/culsans_questa/modules/cva6/vendor/planv/ace/include/  +incdir+../../modules/axi_llc/include  +incdir+../../rtl/include -suppress 2583
touch work/.build-srcs
vlog -svinputport=compat -incr -64 -nologo -quiet -suppress 13262 -suppress 2583 -suppress 2986  -suppress 2879   +define+TB_HAS_LLC=1 -work work ../../modules/axi_llc/src/axi_llc_pkg.sv ../../modules/axi_llc/src/axi_llc_reg_pkg.sv  +incdir+/home/igorcintra13/culsans_questa/modules/cva6/vendor/pulp-platform/common_cells/include/  +incdir+/home/igorcintra13/culsans_questa/modules/cva6/vendor/pulp-platform/axi/include/  +incdir+/home/igorcintra13/culsans_questa/modules/cva6/corev_apu/register_interface/include/  +incdir+/home/igorcintra13/culsans_questa/modules/cva6/vendor/planv/ace/include/  +incdir+../../modules/axi_llc/include  +incdir+../../rtl/include
vlog -svinputport=compat -incr -64 -nologo -quiet -suppress 13262 -suppress 2583 -suppress 2986  -suppress 2879   +define+TB_HAS_LLC=1 -timescale "1ns / 1ns" -work work -pedanticerrors ../../modules/axi_llc/src/axi_llc_burst_cutter.sv ../../modules/axi_llc/src/axi_llc_data_way.sv ../../modules/axi_llc/src/axi_llc_merge_unit.sv ../../modules/axi_llc/src/axi_llc_read_unit.sv ../../modules/axi_llc/src/axi_llc_reg_top.sv ../../modules/axi_llc/src/axi_llc_write_unit.sv ../../modules/axi_llc/src/eviction_refill/axi_llc_ax_master.sv ../../modules/axi_llc/src/eviction_refill/axi_llc_r_master.sv ../../modules/axi_llc/src/eviction_refill/axi_llc_w_master.sv ../../modules/axi_llc/src/hit_miss_detect/axi_llc_evict_box.sv ../../modules/axi_llc/src/hit_miss_detect/axi_llc_lock_box_bloom.sv ../../modules/axi_llc/src/hit_miss_detect/axi_llc_miss_counters.sv ../../modules/axi_llc/src/hit_miss_detect/axi_llc_tag_pattern_gen.sv ../../modules/axi_llc/src/axi_llc_chan_splitter.sv ../../modules/axi_llc/src/axi_llc_evict_unit.sv ../../modules/axi_llc/src/axi_llc_refill_unit.sv ../../modules/axi_llc/src/axi_llc_ways.sv ../../modules/axi_llc/src/hit_miss_detect/axi_llc_tag_store.sv ../../modules/axi_llc/src/axi_llc_config.sv ../../modules/axi_llc/src/axi_llc_hit_miss.sv ../../modules/axi_llc/src/axi_llc_top.sv ../../modules/axi_llc/src/axi_llc_reg_wrap.sv  +incdir+/home/igorcintra13/culsans_questa/modules/cva6/vendor/pulp-platform/common_cells/include/  +incdir+/home/igorcintra13/culsans_questa/modules/cva6/vendor/pulp-platform/axi/include/  +incdir+/home/igorcintra13/culsans_questa/modules/cva6/corev_apu/register_interface/include/  +incdir+/home/igorcintra13/culsans_questa/modules/cva6/vendor/planv/ace/include/  +incdir+../../modules/axi_llc/include  +incdir+../../rtl/include
touch work/.build-llc-srcs
vlog -svinputport=compat -incr -64 -nologo -quiet -suppress 13262 -suppress 2583 -suppress 2986  -suppress 2879   +define+TB_HAS_LLC=1 -work work ../../rtl/include/culsans_pkg.sv  +incdir+/home/igorcintra13/culsans_questa/modules/cva6/vendor/pulp-platform/common_cells/include/  +incdir+/home/igorcintra13/culsans_questa/modules/cva6/vendor/pulp-platform/axi/include/  +incdir+/home/igorcintra13/culsans_questa/modules/cva6/corev_apu/register_interface/include/  +incdir+/home/igorcintra13/culsans_questa/modules/cva6/vendor/planv/ace/include/  +incdir+../../modules/axi_llc/include  +incdir+../../rtl/include
vlog -svinputport=compat -incr -64 -nologo -quiet -suppress 13262 -suppress 2583 -suppress 2986  -suppress 2879   +define+TB_HAS_LLC=1 -timescale "1ns / 1ns" -work work -pedanticerrors /home/igorcintra13/culsans_questa/modules/cva6//vendor/planv/ace/src/ace_intf.sv /home/igorcintra13/culsans_questa/modules/cva6//vendor/planv/ace/src/snoop_intf.sv /home/igorcintra13/culsans_questa/modules/cva6//vendor/planv/ace/src/ccu_fsm.sv /home/igorcintra13/culsans_questa/modules/cva6//vendor/planv/ace/src/ace_trs_dec.sv /home/igorcintra13/culsans_questa/modules/cva6//vendor/planv/ace/src/ace_ccu_top.sv /home/igorcintra13/culsans_questa/modules/cva6//corev_apu/tb/common/mock_uart.sv ../../rtl/src/culsans_peripherals.sv ../../rtl/src/culsans_test.sv ../../rtl/src/culsans_top.sv  +incdir+/home/igorcintra13/culsans_questa/modules/cva6/vendor/pulp-platform/common_cells/include/  +incdir+/home/igorcintra13/culsans_questa/modules/cva6/vendor/pulp-platform/axi/include/  +incdir+/home/igorcintra13/culsans_questa/modules/cva6/corev_apu/register_interface/include/  +incdir+/home/igorcintra13/culsans_questa/modules/cva6/vendor/planv/ace/include/  +incdir+../../modules/axi_llc/include  +incdir+../../rtl/include
touch work/.build-culsans-srcs
vlog -svinputport=compat -incr -64 -nologo -quiet -suppress 13262 -suppress 2583 -suppress 2986  -suppress 2879   +define+TB_HAS_LLC=1 -timescale "1ns / 1ns" -work work -pedanticerrors /home/igorcintra13/culsans_questa/modules/cva6//corev_apu/tb/common_verification/src/rand_id_queue.sv /home/igorcintra13/culsans_questa/modules/cva6//vendor/pulp-platform/axi/src/axi_test.sv /home/igorcintra13/culsans_questa/modules/cva6//vendor/planv/ace/src/ace_test.sv /home/igorcintra13/culsans_questa/modules/cva6//vendor/planv/ace/src/snoop_test.sv /home/igorcintra13/culsans_questa/modules/cva6//vendor/planv/ace/test/tb_ace_ccu_pkg.sv /home/igorcintra13/culsans_questa/modules/cva6//corev_apu/tb/tb_std_cache_subsystem/hdl/dcache_intf.sv /home/igorcintra13/culsans_questa/modules/cva6//corev_apu/tb/tb_std_cache_subsystem/hdl/icache_intf.sv /home/igorcintra13/culsans_questa/modules/cva6//corev_apu/tb/tb_std_cache_subsystem/hdl/sram_intf.sv /home/igorcintra13/culsans_questa/modules/cva6//corev_apu/tb/tb_std_cache_subsystem/hdl/amo_intf.sv /home/igorcintra13/culsans_questa/modules/cva6//corev_apu/tb/tb_std_cache_subsystem/hdl/tb_std_cache_subsystem_pkg.sv /home/igorcintra13/culsans_questa/modules/cva6//corev_apu/tb/tb_std_cache_subsystem/hdl/cva6_cache_dummy.sv  +incdir+/home/igorcintra13/culsans_questa/modules/cva6/vendor/pulp-platform/common_cells/include/  +incdir+/home/igorcintra13/culsans_questa/modules/cva6/vendor/pulp-platform/axi/include/  +incdir+/home/igorcintra13/culsans_questa/modules/cva6/corev_apu/register_interface/include/  +incdir+/home/igorcintra13/culsans_questa/modules/cva6/vendor/planv/ace/include/  +incdir+../../modules/axi_llc/include  +incdir+../../rtl/include
vlog -svinputport=compat -incr -64 -nologo -quiet -suppress 13262 -suppress 2583 -suppress 2986  -suppress 2879   +define+TB_HAS_LLC=1 -timescale "1ns / 1ns" -work work -pedanticerrors ./tb/culsans_tb.sv ./tb/ila.sv  +incdir+/home/igorcintra13/culsans_questa/modules/cva6/vendor/pulp-platform/common_cells/include/  +incdir+/home/igorcintra13/culsans_questa/modules/cva6/vendor/pulp-platform/axi/include/  +incdir+/home/igorcintra13/culsans_questa/modules/cva6/corev_apu/register_interface/include/  +incdir+/home/igorcintra13/culsans_questa/modules/cva6/vendor/planv/ace/include/  +incdir+../../modules/axi_llc/include  +incdir+../../rtl/include
touch work/.build-culsans-tb
vopt +acc -work work  culsans_tb -o culsans_tb_optimized -check_synthesis
echo "Test testlist/read_miss"
make --no-print-directory -C testlist/read_miss all
rm -rf result.rpt
echo "Running test ..."
vsim -t 1ns -64 -suppress 12110 -classdebug -noassertdebug +TESTNAME=read_miss +ENABLE_CCU_MON=0 +ENABLE_MEM_CHECK=0 +ENABLE_ICACHE_RANDOM_GEN=1 +ENABLE_AXI_ID_PER_PORT=1 -sv_seed 0 -suppress 2879 -permit_unmatched_virtual_intf -coverage -coverstore ../../coverage -testname read_miss -c -do "run 30ms;" -lib ../../work  culsans_tb_optimized | tee sim.log > /dev/null
if [ -f verify_truth.txt ]; then ../../test_automation/verify_transactions.py; fi
if [ -f postproc.sh ]; then ./postproc.sh; fi
grep "\*\* Error" sim.log | tee     result.rpt > /dev/null
grep "\*\* Fatal" sim.log | tee -a  result.rpt > /dev/null
(! grep -s -n -m 1 "Error:" result.rpt)
(! grep -s -n -m 1 "Fatal:" result.rpt)
make: Leaving directory '/home/igorcintra13/culsans_questa/tests/unit'
