Vivado Simulator v2025.2
Copyright 1986-2022 Xilinx, Inc. All Rights Reserved.
Copyright 2022-2025 Advanced Micro Devices, Inc. All Rights Reserved.
Running: /home/igorcintra13/Xilinx/2025.2/Vivado/bin/unwrapped/lnx64.o/xelab -debug typical --timescale 1ns/1ps -top tb_ace -snapshot work_snapshot 
Multi-threading is on. Using 6 slave threads.
WARNING: [XSIM 43-3431] One or more environment variables have been detected which affect the operation of the C compiler. These are typically not set in standard installations and are not tested by AMD, however they may be appropriate for your system, so the flow will attempt to continue.  If errors occur, try running xelab with the "-mt off -v 1" switches to see more information from the C compiler. The following environment variables have been detected:
Starting static elaboration
Pass Through NonSizing Optimizer
WARNING: [VRFC 10-3645] port 'ongoing_write_o' remains unconnected for this instance [/home/igorcintra13/culsans_questa/modules/cva6/corev_apu/tb/tb_wb_dcache/hdl/tb_ace.sv:182]
WARNING: [VRFC 10-8967] first argument of $fatal is invalid; expected 0, 1 or 2 [/home/igorcintra13/culsans_questa/modules/cva6/core/cache_subsystem/axi_adapter.sv:194]
WARNING: [VRFC 10-8967] first argument of $fatal is invalid; expected 0, 1 or 2 [/home/igorcintra13/culsans_questa/modules/cva6/core/cache_subsystem/axi_adapter.sv:222]
WARNING: [VRFC 10-3705] select index 47 into 'sram' is out of bounds [/home/igorcintra13/culsans_questa/modules/cva6/corev_apu/tb/tb_wb_dcache/hdl/dcache_checker.sv:520]
WARNING: [VRFC 10-3705] select index 47 into 'sram' is out of bounds [/home/igorcintra13/culsans_questa/modules/cva6/corev_apu/tb/tb_wb_dcache/hdl/dcache_checker.sv:522]
WARNING: [VRFC 10-3705] select index 47 into 'sram' is out of bounds [/home/igorcintra13/culsans_questa/modules/cva6/corev_apu/tb/tb_wb_dcache/hdl/dcache_checker.sv:524]
WARNING: [VRFC 10-3705] select index 47 into 'sram' is out of bounds [/home/igorcintra13/culsans_questa/modules/cva6/corev_apu/tb/tb_wb_dcache/hdl/dcache_checker.sv:526]
WARNING: [VRFC 10-3705] select index 47 into 'sram' is out of bounds [/home/igorcintra13/culsans_questa/modules/cva6/corev_apu/tb/tb_wb_dcache/hdl/dcache_checker.sv:528]
WARNING: [VRFC 10-3705] select index 47 into 'sram' is out of bounds [/home/igorcintra13/culsans_questa/modules/cva6/corev_apu/tb/tb_wb_dcache/hdl/dcache_checker.sv:530]
WARNING: [VRFC 10-3705] select index 47 into 'sram' is out of bounds [/home/igorcintra13/culsans_questa/modules/cva6/corev_apu/tb/tb_wb_dcache/hdl/dcache_checker.sv:532]
WARNING: [VRFC 10-3705] select index 47 into 'sram' is out of bounds [/home/igorcintra13/culsans_questa/modules/cva6/corev_apu/tb/tb_wb_dcache/hdl/dcache_checker.sv:534]
WARNING: [VRFC 10-3705] select index 47 into 'sram' is out of bounds [/home/igorcintra13/culsans_questa/modules/cva6/corev_apu/tb/tb_wb_dcache/hdl/dcache_checker.sv:536]
WARNING: [VRFC 10-3705] select index 47 into 'sram' is out of bounds [/home/igorcintra13/culsans_questa/modules/cva6/corev_apu/tb/tb_wb_dcache/hdl/dcache_checker.sv:538]
WARNING: [VRFC 10-3705] select index 47 into 'sram' is out of bounds [/home/igorcintra13/culsans_questa/modules/cva6/corev_apu/tb/tb_wb_dcache/hdl/dcache_checker.sv:540]
WARNING: [VRFC 10-3705] select index 47 into 'sram' is out of bounds [/home/igorcintra13/culsans_questa/modules/cva6/corev_apu/tb/tb_wb_dcache/hdl/dcache_checker.sv:542]
WARNING: [VRFC 10-3705] select index 47 into 'sram' is out of bounds [/home/igorcintra13/culsans_questa/modules/cva6/corev_apu/tb/tb_wb_dcache/hdl/dcache_checker.sv:544]
WARNING: [VRFC 10-3705] select index 47 into 'sram' is out of bounds [/home/igorcintra13/culsans_questa/modules/cva6/corev_apu/tb/tb_wb_dcache/hdl/dcache_checker.sv:546]
WARNING: [VRFC 10-3705] select index 47 into 'sram' is out of bounds [/home/igorcintra13/culsans_questa/modules/cva6/corev_apu/tb/tb_wb_dcache/hdl/dcache_checker.sv:548]
WARNING: [VRFC 10-3705] select index 47 into 'sram' is out of bounds [/home/igorcintra13/culsans_questa/modules/cva6/corev_apu/tb/tb_wb_dcache/hdl/dcache_checker.sv:550]
Completed static elaboration
WARNING: [XSIM 43-4455] File "/home/igorcintra13/culsans_questa/modules/cva6/core/cache_subsystem/cache_ctrl.sv" Line 557 : Unsupported feature in assertion/property/sequence 'implication operator'. It will be ignored.
WARNING: [XSIM 43-4455] File "/home/igorcintra13/culsans_questa/modules/cva6/core/cache_subsystem/cache_ctrl.sv" Line 559 : Unsupported feature in assertion/property/sequence 'implication operator'. It will be ignored.
WARNING: [XSIM 43-4455] File "/home/igorcintra13/culsans_questa/modules/cva6/core/cache_subsystem/miss_handler.sv" Line 692 : Unsupported feature in assertion/property/sequence 'Multiclocked Sequence'. It will be ignored.
WARNING: [XSIM 43-4455] File "/home/igorcintra13/culsans_questa/modules/cva6/core/cache_subsystem/miss_handler.sv" Line 1041 : Unsupported feature in assertion/property/sequence 'Multiclocked Sequence'. It will be ignored.
WARNING: [XSIM 43-4127] File "/home/igorcintra13/culsans_questa/modules/cva6/core/cache_subsystem/miss_handler.sv" Line 1044 : The "System Verilog Assertion" is not supported yet for simulation. The statement will be ignored.
WARNING: [XSIM 43-4127] File "/home/igorcintra13/culsans_questa/modules/cva6/core/cache_subsystem/miss_handler.sv" Line 1047 : The "System Verilog Assertion" is not supported yet for simulation. The statement will be ignored.
WARNING: [XSIM 43-4127] File "/home/igorcintra13/culsans_questa/modules/cva6/vendor/pulp-platform/tech_cells_generic/src/rtl/tc_sram.sv" Line 236 : The "System Verilog Assertion" is not supported yet for simulation. The statement will be ignored.
WARNING: [XSIM 43-4127] File "/home/igorcintra13/culsans_questa/modules/cva6/vendor/pulp-platform/tech_cells_generic/src/rtl/tc_sram.sv" Line 236 : The "System Verilog Assertion" is not supported yet for simulation. The statement will be ignored.
WARNING: [XSIM 43-4127] File "/home/igorcintra13/culsans_questa/modules/cva6/vendor/pulp-platform/tech_cells_generic/src/rtl/tc_sram.sv" Line 236 : The "System Verilog Assertion" is not supported yet for simulation. The statement will be ignored.
WARNING: [XSIM 43-4127] File "/home/igorcintra13/culsans_questa/modules/cva6/core/cache_subsystem/tag_cmp.sv" Line 91 : The "System Verilog Assertion" is not supported yet for simulation. The statement will be ignored.
WARNING: [XSIM 43-4127] File "/home/igorcintra13/culsans_questa/modules/cva6/vendor/planv/ace/src/snoop_intf.sv" Line 108 : The "System Verilog Assertion" is not supported yet for simulation. The statement will be ignored.
WARNING: [XSIM 43-4127] File "/home/igorcintra13/culsans_questa/modules/cva6/vendor/planv/ace/src/snoop_intf.sv" Line 109 : The "System Verilog Assertion" is not supported yet for simulation. The statement will be ignored.
WARNING: [XSIM 43-4127] File "/home/igorcintra13/culsans_questa/modules/cva6/vendor/planv/ace/src/snoop_intf.sv" Line 110 : The "System Verilog Assertion" is not supported yet for simulation. The statement will be ignored.
WARNING: [XSIM 43-4127] File "/home/igorcintra13/culsans_questa/modules/cva6/vendor/planv/ace/src/snoop_intf.sv" Line 111 : The "System Verilog Assertion" is not supported yet for simulation. The statement will be ignored.
WARNING: [XSIM 43-4127] File "/home/igorcintra13/culsans_questa/modules/cva6/vendor/planv/ace/src/snoop_intf.sv" Line 113 : The "System Verilog Assertion" is not supported yet for simulation. The statement will be ignored.
WARNING: [XSIM 43-4127] File "/home/igorcintra13/culsans_questa/modules/cva6/vendor/planv/ace/src/snoop_intf.sv" Line 114 : The "System Verilog Assertion" is not supported yet for simulation. The statement will be ignored.
WARNING: [XSIM 43-4127] File "/home/igorcintra13/culsans_questa/modules/cva6/vendor/planv/ace/src/snoop_intf.sv" Line 116 : The "System Verilog Assertion" is not supported yet for simulation. The statement will be ignored.
WARNING: [XSIM 43-4127] File "/home/igorcintra13/culsans_questa/modules/cva6/vendor/planv/ace/src/snoop_intf.sv" Line 117 : The "System Verilog Assertion" is not supported yet for simulation. The statement will be ignored.
WARNING: [XSIM 43-4127] File "/home/igorcintra13/culsans_questa/modules/cva6/vendor/planv/ace/src/snoop_intf.sv" Line 118 : The "System Verilog Assertion" is not supported yet for simulation. The statement will be ignored.
INFO: [XSIM 43-4329] Assuming default value 1 for the first arguement of $fatal at Line 194, File /home/igorcintra13/culsans_questa/modules/cva6/core/cache_subsystem/axi_adapter.sv
INFO: [XSIM 43-4329] Assuming default value 1 for the first arguement of $fatal at Line 222, File /home/igorcintra13/culsans_questa/modules/cva6/core/cache_subsystem/axi_adapter.sv
INFO: [XSIM 43-4329] Assuming default value 1 for the first arguement of $fatal at Line 194, File /home/igorcintra13/culsans_questa/modules/cva6/core/cache_subsystem/axi_adapter.sv
INFO: [XSIM 43-4329] Assuming default value 1 for the first arguement of $fatal at Line 222, File /home/igorcintra13/culsans_questa/modules/cva6/core/cache_subsystem/axi_adapter.sv
Starting simulation data flow analysis
WARNING: [XSIM 43-4398] File "/home/igorcintra13/culsans_questa/modules/cva6/core/cache_subsystem/tag_cmp.sv" Line 91 : The System Verilog Assertion  will be ignored as it appears inside another process. This assertion is not yet supported.
Completed simulation data flow analysis
Time Resolution for simulation is 1ps
Compiling package work.ariane_pkg
Compiling package work.riscv
Compiling package work.ariane_dm_pkg
Compiling package work.rvfi_pkg
Compiling package work.std_cache_pkg
Compiling package work.ariane_axi
Compiling package work.axi_pkg
Compiling package work.ace_pkg
Compiling package work.tb_pkg
Compiling package work.ariane_ace
Compiling package work.snoop_pkg
Compiling package work.ace_test
Compiling package work.rand_id_queue_pkg
Compiling package std.std
Compiling package work.snoop_test
Compiling module work.ACE_BUS(AXI_ADDR_WIDTH=32'b01000...
Compiling module work.ACE_BUS_DV(AXI_ADDR_WIDTH=32'b01...
Compiling module work.snoop_cache_ctrl(ArianeCfg='{2,3...
Compiling module work.cache_ctrl(ArianeCfg='{2,32,128,...
Compiling module work.axi_adapter_arbiter(NR_PORTS=32'...
Compiling module work.axi_adapter(DATA_WIDTH=32'b01000...
Compiling module work.axi_adapter(DATA_WIDTH=32'b01000...
Compiling module work.lfsr_8bit_default
Compiling module work.miss_handler(ArianeCfg='{2,32,12...
Compiling module work.tc_sram(NumWords=32'b0100000000,...
Compiling module work.sram(DATA_WIDTH=32'b010000000,NU...
Compiling module work.tc_sram(NumWords=32'b0100000000,...
Compiling module work.sram(DATA_WIDTH=32'b0101100,NUM_...
Compiling module work.tc_sram(NumWords=32'b0100000000,...
Compiling module work.sram(DATA_WIDTH=32'b010010000,BY...
Compiling module work.tag_cmp(NR_PORTS=32'b0101,ADDR_W...
Compiling module work.std_nbdcache(ArianeCfg='{2,32,12...
Compiling module work.SNOOP_BUS(SNOOP_ADDR_WIDTH=32'b0...
Compiling module work.SNOOP_BUS_DV(SNOOP_ADDR_WIDTH=32...
Compiling module work.request_scheduler(ArianeCfg='{2,...
Compiling module work.dcache_checker(MAX_ROUNDS=32'b01...
Compiling module work.tb_ace
Built simulation snapshot work_snapshot
